../Core/Src/led.c:11:6:led_init	8	static
../Core/Src/led.c:27:6:led_red_on_doc	8	static
../Core/Src/led.c:31:6:led_red_off_doc	8	static
../Core/Src/led.c:35:6:led_yellow_on_doc	8	static
../Core/Src/led.c:39:6:led_yellow_off_doc	8	static
../Core/Src/led.c:43:6:led_green_on_doc	8	static
../Core/Src/led.c:47:6:led_green_off_doc	8	static
../Core/Src/led.c:51:6:led_red_on_ng	8	static
../Core/Src/led.c:55:6:led_red_off_ng	8	static
../Core/Src/led.c:59:6:led_yellow_on_ng	8	static
../Core/Src/led.c:63:6:led_yellow_off_ng	8	static
../Core/Src/led.c:67:6:led_green_on_ng	8	static
../Core/Src/led.c:71:6:led_green_off_ng	8	static
../Core/Src/led.c:75:8:led_run	8	static
../Core/Src/led.c:102:8:led_round	8	static
../Core/Src/led.c:159:8:clearAllClock	8	static
../Core/Src/led.c:173:8:setNumberOnClock	16	static
../Core/Src/led.c:216:7:clearNumberOnClock	16	static
