../Core/Src/led.c:11:6:led_init	8	static
../Core/Src/led.c:22:6:led_red_on_doc	8	static
../Core/Src/led.c:25:6:led_red_off_doc	8	static
../Core/Src/led.c:28:6:led_yellow_on_doc	8	static
../Core/Src/led.c:31:6:led_yellow_off_doc	8	static
../Core/Src/led.c:34:6:led_green_on_doc	8	static
../Core/Src/led.c:37:6:led_green_off_doc	8	static
../Core/Src/led.c:40:6:led_red_on_ng	8	static
../Core/Src/led.c:43:6:led_red_off_ng	8	static
../Core/Src/led.c:46:6:led_yellow_on_ng	8	static
../Core/Src/led.c:49:6:led_yellow_off_ng	8	static
../Core/Src/led.c:52:6:led_green_on_ng	8	static
../Core/Src/led.c:55:6:led_green_off_ng	8	static
../Core/Src/led.c:58:8:led_run	8	static
